// Jest Snapshot v1, https://goo.gl/fbAQLP

exports[`Container [Profiler] - sagas getResults Saga should dispatch searchComplete action result fetched successfully 1`] = `
Object {
  "@@redux-saga/IO": true,
  "CALL": Object {
    "args": Array [
      400,
    ],
    "context": null,
    "fn": [Function],
  },
}
`;

exports[`Container [Profiler] - sagas getResults Saga should dispatch searchComplete action result fetched successfully 2`] = `
Object {
  "@@redux-saga/IO": true,
  "SELECT": Object {
    "args": Array [],
    "selector": [Function],
  },
}
`;

exports[`Container [Profiler] - sagas getResults Saga should dispatch searchComplete action result fetched successfully 3`] = `
Object {
  "@@redux-saga/IO": true,
  "SELECT": Object {
    "args": Array [],
    "selector": [Function],
  },
}
`;

exports[`Container [Profiler] - sagas getResults Saga should dispatch searchComplete action result fetched successfully 4`] = `
Object {
  "@@redux-saga/IO": true,
  "CALL": Object {
    "args": Array [
      Object {
        "uuid1": Object {
          "nutrient": Object {
            "className": "elements-water",
            "label": "Water",
            "value": "WATER",
          },
          "scale": 50,
        },
      },
      Object {
        "hits": 1,
        "items": Array [
          Object {
            "_id": "AWF8pHZ9bw9zRJtz161q",
            "_index": "nutry-names",
            "_score": 10,
            "_source": Object {
              "SN": "02049",
              "alias": Array [],
              "allergen": Array [],
              "group": "Spices and Herbs",
              "name": "Fresh thyme",
              "nutrients": Object {},
              "portions": Array [],
              "tags": Array [],
              "usage": Array [],
            },
          },
        ],
        "max_score": 10,
      },
    ],
    "context": null,
    "fn": [Function],
  },
}
`;

exports[`Container [Profiler] - sagas getResults Saga should dispatch searchFailure after failure to fetch 1`] = `
Object {
  "@@redux-saga/IO": true,
  "CALL": Object {
    "args": Array [
      400,
    ],
    "context": null,
    "fn": [Function],
  },
}
`;

exports[`Container [Profiler] - sagas getResults Saga should dispatch searchFailure after failure to fetch 2`] = `
Object {
  "@@redux-saga/IO": true,
  "SELECT": Object {
    "args": Array [],
    "selector": [Function],
  },
}
`;

exports[`Container [Profiler] - sagas getResults Saga should dispatch searchFailure after failure to fetch 3`] = `
Object {
  "@@redux-saga/IO": true,
  "SELECT": Object {
    "args": Array [],
    "selector": [Function],
  },
}
`;

exports[`Container [Profiler] - sagas getResults Saga should dispatch searchFailure after failure to fetch 4`] = `
Object {
  "@@redux-saga/IO": true,
  "CALL": Object {
    "args": Array [
      Object {
        "uuid1": Object {
          "nutrient": Object {
            "className": "elements-water",
            "label": "Water",
            "value": "WATER",
          },
          "scale": 50,
        },
      },
      Object {
        "hits": 1,
        "items": Array [
          Object {
            "_id": "AWF8pHZ9bw9zRJtz161q",
            "_index": "nutry-names",
            "_score": 10,
            "_source": Object {
              "SN": "02049",
              "alias": Array [],
              "allergen": Array [],
              "group": "Spices and Herbs",
              "name": "Fresh thyme",
              "nutrients": Object {},
              "portions": Array [],
              "tags": Array [],
              "usage": Array [],
            },
          },
        ],
        "max_score": 10,
      },
    ],
    "context": null,
    "fn": [Function],
  },
}
`;

exports[`Container [Profiler] - sagas getResults Saga should dispatch searchFailure after failure to fetch 5`] = `
Object {
  "@@redux-saga/IO": true,
  "PUT": Object {
    "action": Object {
      "error": [Error: Fetch Failure],
      "type": "app/Profiler/SEARCH_FAILURE",
    },
    "channel": null,
  },
}
`;
