// Jest Snapshot v1, https://goo.gl/fbAQLP

exports[`wikiViewReducer handles default action 1`] = `Immutable.Map {}`;
